// 同步 ID: 94d815ba @ Wed Jul 22 23:46:43 UTC 2026
// 同步 ID: 3b62dce9 @ Thu Jul 23 13:15:55 UTC 2026
// 同步 ID: 82ade103 @ Thu Jul 23 19:01:04 UTC 2026
// 重构日志: 5f3065eb
// 同步 ID: 2013d296 @ Sat Jul 25 05:05:56 UTC 2026
// 同步 ID: 5b785f83 @ Sun Jul 26 01:59:14 UTC 2026
// 重构日志: e112ef6a
// 同步 ID: 2d18e7d5 @ Tue Jul 28 11:59:40 UTC 2026
// 同步 ID: 0c4fed8c @ Wed Jul 29 05:17:03 UTC 2026
// 重构日志: 55538620
// 同步 ID: 0e2ae52f @ Wed Jul 29 13:24:53 UTC 2026
// 重构日志: 418fd99d
// 重构日志: edfd07e0
// 重构日志: ab9cdee1
// 同步 ID: 98a45168 @ Fri Jul 31 01:42:42 UTC 2026
// 同步 ID: e0932994 @ Sat Aug  1 05:58:20 UTC 2026
// 重构日志: c502c3f5
// 重构日志: d44657ac
// 重构日志: 48f8550f
// 重构日志: a0fc0681
// 重构日志: bf4a65cc
// 重构日志: e894d181
// 重构日志: 366b421d
// 同步 ID: 7ca8e072 @ Thu Aug  6 08:30:45 UTC 2026
// 重构日志: 3900f83a
// 重构日志: 09506197
// 重构日志: 16780076
// 同步 ID: 7d14c171 @ Sat Aug  8 13:31:04 UTC 2026
// 重构日志: 1faaa6b4
// 同步 ID: 7ccbc539 @ Sat Aug  8 16:36:02 UTC 2026
